// Vitest Snapshot v1, https://vitest.dev/guide/snapshot.html

exports[`App Component > renders as expected 1`] = `
<div>
  <div
    class="container"
  >
    <div>
      <h1>
        Welcome to React Bookstore
      </h1>
      <p>
        We have several books. Feel free to browse for as long as you like. Click on a cover image to see details, or click the Add to Cart button to add a book to your shopping cart.
      </p>
    </div>
    <div
      class="row"
    >
      <div
        class="col-md-8"
      >
        <ul
          class="_productList_6f0a2f"
          data-testid="product-list"
        >
          <li
            class="_productListItem_6f0a2f"
          >
            <div
              class="_product_eee97d"
            >
              <div>
                <img
                  alt="Buy This Book Now!"
                  class="_thumbnail_eee97d"
                  data-testid="thumb"
                  src="images/defult.jpg"
                />
              </div>
              <div>
                <h2>
                  Buy This Book Now!
                </h2>
                <p>
                  Your rating:
                   
                  <select
                    data-testid="selectRating"
                  >
                    <option>
                      0
                    </option>
                    <option>
                      1
                    </option>
                    <option>
                      2
                    </option>
                    <option>
                      3
                    </option>
                    <option>
                      4
                    </option>
                    <option>
                      5
                    </option>
                  </select>
                </p>
                <p>
                  by: 
                  Chris Minnick
                  <br />
                  published: 
                  2023
                  , 
                  USA
                  <br />
                  language: 
                  English
                  <br />
                  pages: 
                  1000
                  <br />
                  price:
                   
                  $5.00
                  <br />
                  <a
                    href=""
                  >
                    link
                  </a>
                </p>
                <p>
                  avg rating: undefined
                </p>
                <button>
                  Add to Cart
                </button>
              </div>
            </div>
          </li>
        </ul>
      </div>
      <div
        class="col-md-4"
      >
        <div>
          <h2>
            Cart
          </h2>
          Total: $
          0
           
          USD
        </div>
      </div>
    </div>
    <p
      style="background-color: black; color: white; padding: 10px; position: fixed; left: 0px; bottom: 0px; width: 100%;"
    >
      This is the footer.
    </p>
  </div>
</div>
`;
